MPLINK 4.40, Linker
Linker Map File - Created Wed May 23 09:12:23 2018

                                 Section Info
                  Section       Type    Address   Location Size(Bytes)
                ---------  ---------  ---------  ---------  ---------
                   .org_0       code   0x000000    program   0x000000
                   .org_1       code   0x000000    program   0x000002
                   .org_2       code   0x000004    program   0x000038
  .config_2007_TEMPLATE.O       code   0x002007    program   0x000002



                              Program Memory Usage 
                               Start         End      
                           ---------   ---------      
                            0x000000    0x000000      
                            0x000004    0x00001f      
                            0x002007    0x002007      
            30 out of 1094 program addresses used, program memory utilization is 2%



                              Symbols - Sorted by Name
                     Name    Address   Location    Storage File                     
                ---------  ---------  ---------  --------- ---------                
                    Delay   0x000012    program     static F:\Dati\sistemi\Laboratorio\Microcontrollore\Ritardo\template.asm
                     Main   0x000005    program     static F:\Dati\sistemi\Laboratorio\Microcontrollore\Ritardo\template.asm
                     loop   0x000017    program     static F:\Dati\sistemi\Laboratorio\Microcontrollore\Ritardo\template.asm
                    salta   0x00000c    program     static F:\Dati\sistemi\Laboratorio\Microcontrollore\Ritardo\template.asm



                              Symbols - Sorted by Address
                     Name    Address   Location    Storage File                     
                ---------  ---------  ---------  --------- ---------                
                     Main   0x000005    program     static F:\Dati\sistemi\Laboratorio\Microcontrollore\Ritardo\template.asm
                    salta   0x00000c    program     static F:\Dati\sistemi\Laboratorio\Microcontrollore\Ritardo\template.asm
                    Delay   0x000012    program     static F:\Dati\sistemi\Laboratorio\Microcontrollore\Ritardo\template.asm
                     loop   0x000017    program     static F:\Dati\sistemi\Laboratorio\Microcontrollore\Ritardo\template.asm


