MPLINK 4.40, Linker
Linker Map File - Created Wed Dec 05 12:11:08 2018

                                 Section Info
                  Section       Type    Address   Location Size(Bytes)
                ---------  ---------  ---------  ---------  ---------
                   .org_0       code   0x000000    program   0x000000
                   .org_1       code   0x000000    program   0x000002
                   .org_2       code   0x000004    program   0x00005c
  .config_2007_TEMPLATE.O       code   0x002007    program   0x000002



                              Program Memory Usage 
                               Start         End      
                           ---------   ---------      
                            0x000000    0x000000      
                            0x000004    0x000031      
                            0x002007    0x002007      
            48 out of 1093 program addresses used, program memory utilization is 4%



                              Symbols - Sorted by Name
                     Name    Address   Location    Storage File                     
                ---------  ---------  ---------  --------- ---------                
                    Delay   0x000024    program     static F:\spostamento led 2\template.asm
                       Dx   0x000018    program     static F:\spostamento led 2\template.asm
                     Loop   0x00000e    program     static F:\spostamento led 2\template.asm
                    Loop1   0x000029    program     static F:\spostamento led 2\template.asm
                     Main   0x000005    program     static F:\spostamento led 2\template.asm
                       Pa   0x00001b    program     static F:\spostamento led 2\template.asm
                       Pb   0x000021    program     static F:\spostamento led 2\template.asm
                       Sx   0x00001e    program     static F:\spostamento led 2\template.asm



                              Symbols - Sorted by Address
                     Name    Address   Location    Storage File                     
                ---------  ---------  ---------  --------- ---------                
                     Main   0x000005    program     static F:\spostamento led 2\template.asm
                     Loop   0x00000e    program     static F:\spostamento led 2\template.asm
                       Dx   0x000018    program     static F:\spostamento led 2\template.asm
                       Pa   0x00001b    program     static F:\spostamento led 2\template.asm
                       Sx   0x00001e    program     static F:\spostamento led 2\template.asm
                       Pb   0x000021    program     static F:\spostamento led 2\template.asm
                    Delay   0x000024    program     static F:\spostamento led 2\template.asm
                    Loop1   0x000029    program     static F:\spostamento led 2\template.asm


