MPLINK 4.40, Linker
Linker Map File - Created Wed Oct 17 11:57:25 2018

                                 Section Info
                  Section       Type    Address   Location Size(Bytes)
                ---------  ---------  ---------  ---------  ---------
                   .org_0       code   0x000000    program   0x000000
                   .org_1       code   0x000000    program   0x000002
                   .org_2       code   0x000004    program   0x00005a
  .config_2007_TEMPLATE.O       code   0x002007    program   0x000002



                              Program Memory Usage 
                               Start         End      
                           ---------   ---------      
                            0x000000    0x000000      
                            0x000004    0x000030      
                            0x002007    0x002007      
            47 out of 1094 program addresses used, program memory utilization is 4%



                              Symbols - Sorted by Name
                     Name    Address   Location    Storage File                     
                ---------  ---------  ---------  --------- ---------                
                    Delay   0x000023    program     static F:\Dati\sistemi\Laboratorio\Microcontrollore\Rotazione-led2\template.asm
                     LOOP   0x000009    program     static F:\Dati\sistemi\Laboratorio\Microcontrollore\Rotazione-led2\template.asm
                     Loop   0x00000d    program     static F:\Dati\sistemi\Laboratorio\Microcontrollore\Rotazione-led2\template.asm
                     Main   0x000005    program     static F:\Dati\sistemi\Laboratorio\Microcontrollore\Rotazione-led2\template.asm
                     loop   0x000028    program     static F:\Dati\sistemi\Laboratorio\Microcontrollore\Rotazione-led2\template.asm
                    loop1   0x000014    program     static F:\Dati\sistemi\Laboratorio\Microcontrollore\Rotazione-led2\template.asm
                    loop2   0x00001a    program     static F:\Dati\sistemi\Laboratorio\Microcontrollore\Rotazione-led2\template.asm



                              Symbols - Sorted by Address
                     Name    Address   Location    Storage File                     
                ---------  ---------  ---------  --------- ---------                
                     Main   0x000005    program     static F:\Dati\sistemi\Laboratorio\Microcontrollore\Rotazione-led2\template.asm
                     LOOP   0x000009    program     static F:\Dati\sistemi\Laboratorio\Microcontrollore\Rotazione-led2\template.asm
                     Loop   0x00000d    program     static F:\Dati\sistemi\Laboratorio\Microcontrollore\Rotazione-led2\template.asm
                    loop1   0x000014    program     static F:\Dati\sistemi\Laboratorio\Microcontrollore\Rotazione-led2\template.asm
                    loop2   0x00001a    program     static F:\Dati\sistemi\Laboratorio\Microcontrollore\Rotazione-led2\template.asm
                    Delay   0x000023    program     static F:\Dati\sistemi\Laboratorio\Microcontrollore\Rotazione-led2\template.asm
                     loop   0x000028    program     static F:\Dati\sistemi\Laboratorio\Microcontrollore\Rotazione-led2\template.asm


