MPLINK 4.40, Linker
Linker Map File - Created Wed Nov 28 12:36:39 2018

                                 Section Info
                  Section       Type    Address   Location Size(Bytes)
                ---------  ---------  ---------  ---------  ---------
                   .org_0       code   0x000000    program   0x000000
                   .org_1       code   0x000000    program   0x000002
                   .org_2       code   0x000004    program   0x00009e
  .config_2007_TEMPLATE.O       code   0x002007    program   0x000002



                              Program Memory Usage 
                               Start         End      
                           ---------   ---------      
                            0x000000    0x000000      
                            0x000004    0x000052      
                            0x002007    0x002007      
            81 out of 1093 program addresses used, program memory utilization is 7%



                              Symbols - Sorted by Name
                     Name    Address   Location    Storage File                     
                ---------  ---------  ---------  --------- ---------                
                    Delay   0x000036    program     static E:\Dati\sistemi\Laboratorio\Microcontrollore\Rele\template.asm
                     Loop   0x00000e    program     static E:\Dati\sistemi\Laboratorio\Microcontrollore\Rele\template.asm
                    Loop2   0x00003a    program     static E:\Dati\sistemi\Laboratorio\Microcontrollore\Rele\template.asm
                    Loop3   0x000038    program     static E:\Dati\sistemi\Laboratorio\Microcontrollore\Rele\template.asm
                    Loop4   0x00002f    program     static E:\Dati\sistemi\Laboratorio\Microcontrollore\Rele\template.asm
                    Loop5   0x00002b    program     static E:\Dati\sistemi\Laboratorio\Microcontrollore\Rele\template.asm
                     Main   0x000005    program     static E:\Dati\sistemi\Laboratorio\Microcontrollore\Rele\template.asm
                    Timer   0x000027    program     static E:\Dati\sistemi\Laboratorio\Microcontrollore\Rele\template.asm
                    delay   0x00003f    program     static E:\Dati\sistemi\Laboratorio\Microcontrollore\Rele\template.asm
                   ledGiu   0x000021    program     static E:\Dati\sistemi\Laboratorio\Microcontrollore\Rele\template.asm
                    ledSu   0x00001b    program     static E:\Dati\sistemi\Laboratorio\Microcontrollore\Rele\template.asm
                     loop   0x000046    program     static E:\Dati\sistemi\Laboratorio\Microcontrollore\Rele\template.asm
                     test   0x000024    program     static E:\Dati\sistemi\Laboratorio\Microcontrollore\Rele\template.asm
                    test1   0x00001e    program     static E:\Dati\sistemi\Laboratorio\Microcontrollore\Rele\template.asm
       testPulsanteDestro   0x000013    program     static E:\Dati\sistemi\Laboratorio\Microcontrollore\Rele\template.asm
     testPulsanteSinistro   0x000017    program     static E:\Dati\sistemi\Laboratorio\Microcontrollore\Rele\template.asm



                              Symbols - Sorted by Address
                     Name    Address   Location    Storage File                     
                ---------  ---------  ---------  --------- ---------                
                     Main   0x000005    program     static E:\Dati\sistemi\Laboratorio\Microcontrollore\Rele\template.asm
                     Loop   0x00000e    program     static E:\Dati\sistemi\Laboratorio\Microcontrollore\Rele\template.asm
       testPulsanteDestro   0x000013    program     static E:\Dati\sistemi\Laboratorio\Microcontrollore\Rele\template.asm
     testPulsanteSinistro   0x000017    program     static E:\Dati\sistemi\Laboratorio\Microcontrollore\Rele\template.asm
                    ledSu   0x00001b    program     static E:\Dati\sistemi\Laboratorio\Microcontrollore\Rele\template.asm
                    test1   0x00001e    program     static E:\Dati\sistemi\Laboratorio\Microcontrollore\Rele\template.asm
                   ledGiu   0x000021    program     static E:\Dati\sistemi\Laboratorio\Microcontrollore\Rele\template.asm
                     test   0x000024    program     static E:\Dati\sistemi\Laboratorio\Microcontrollore\Rele\template.asm
                    Timer   0x000027    program     static E:\Dati\sistemi\Laboratorio\Microcontrollore\Rele\template.asm
                    Loop5   0x00002b    program     static E:\Dati\sistemi\Laboratorio\Microcontrollore\Rele\template.asm
                    Loop4   0x00002f    program     static E:\Dati\sistemi\Laboratorio\Microcontrollore\Rele\template.asm
                    Delay   0x000036    program     static E:\Dati\sistemi\Laboratorio\Microcontrollore\Rele\template.asm
                    Loop3   0x000038    program     static E:\Dati\sistemi\Laboratorio\Microcontrollore\Rele\template.asm
                    Loop2   0x00003a    program     static E:\Dati\sistemi\Laboratorio\Microcontrollore\Rele\template.asm
                    delay   0x00003f    program     static E:\Dati\sistemi\Laboratorio\Microcontrollore\Rele\template.asm
                     loop   0x000046    program     static E:\Dati\sistemi\Laboratorio\Microcontrollore\Rele\template.asm


