MPLINK 4.40, Linker
Linker Map File - Created Wed Oct 03 16:07:10 2018

                                 Section Info
                  Section       Type    Address   Location Size(Bytes)
                ---------  ---------  ---------  ---------  ---------
                   .org_0       code   0x000000    program   0x000000
                   .org_1       code   0x000000    program   0x000002
                   .org_2       code   0x000004    program   0x00003a
  .config_2007_TEMPLATE.O       code   0x002007    program   0x000002



                              Program Memory Usage 
                               Start         End      
                           ---------   ---------      
                            0x000000    0x000000      
                            0x000004    0x000020      
                            0x002007    0x002007      
            31 out of 1094 program addresses used, program memory utilization is 2%



                              Symbols - Sorted by Name
                     Name    Address   Location    Storage File                     
                ---------  ---------  ---------  --------- ---------                
                    Delay   0x000013    program     static Z:\Scuola\Triennio\4\sistemi\laboratorio\delay0.5-1-2\template.asm
                     Loop   0x00000b    program     static Z:\Scuola\Triennio\4\sistemi\laboratorio\delay0.5-1-2\template.asm
                     Main   0x000005    program     static Z:\Scuola\Triennio\4\sistemi\laboratorio\delay0.5-1-2\template.asm
                     loop   0x000018    program     static Z:\Scuola\Triennio\4\sistemi\laboratorio\delay0.5-1-2\template.asm



                              Symbols - Sorted by Address
                     Name    Address   Location    Storage File                     
                ---------  ---------  ---------  --------- ---------                
                     Main   0x000005    program     static Z:\Scuola\Triennio\4\sistemi\laboratorio\delay0.5-1-2\template.asm
                     Loop   0x00000b    program     static Z:\Scuola\Triennio\4\sistemi\laboratorio\delay0.5-1-2\template.asm
                    Delay   0x000013    program     static Z:\Scuola\Triennio\4\sistemi\laboratorio\delay0.5-1-2\template.asm
                     loop   0x000018    program     static Z:\Scuola\Triennio\4\sistemi\laboratorio\delay0.5-1-2\template.asm


