MPLINK 4.40, Linker
Linker Map File - Created Sun Oct 14 17:32:44 2018

                                 Section Info
                  Section       Type    Address   Location Size(Bytes)
                ---------  ---------  ---------  ---------  ---------
                   .org_0       code   0x000000    program   0x000000
                   .org_1       code   0x000000    program   0x000002
                   .org_2       code   0x000004    program   0x00003c
  .config_2007_TEMPLATE.O       code   0x002007    program   0x000002



                              Program Memory Usage 
                               Start         End      
                           ---------   ---------      
                            0x000000    0x000000      
                            0x000004    0x000021      
                            0x002007    0x002007      
            32 out of 1094 program addresses used, program memory utilization is 2%



                              Symbols - Sorted by Name
                     Name    Address   Location    Storage File                     
                ---------  ---------  ---------  --------- ---------                
                    Delay   0x000014    program     static Z:\Scuola\Triennio\4\sistemi\laboratorio\Rotazione-led1\template.asm
                     LOOP   0x00000a    program     static Z:\Scuola\Triennio\4\sistemi\laboratorio\Rotazione-led1\template.asm
                     Loop   0x00000a    program     static Z:\Scuola\Triennio\4\sistemi\laboratorio\Rotazione-led1\template.asm
                    Loop1   0x00000e    program     static Z:\Scuola\Triennio\4\sistemi\laboratorio\Rotazione-led1\template.asm
                     Main   0x000005    program     static Z:\Scuola\Triennio\4\sistemi\laboratorio\Rotazione-led1\template.asm
                     loop   0x000019    program     static Z:\Scuola\Triennio\4\sistemi\laboratorio\Rotazione-led1\template.asm



                              Symbols - Sorted by Address
                     Name    Address   Location    Storage File                     
                ---------  ---------  ---------  --------- ---------                
                     Main   0x000005    program     static Z:\Scuola\Triennio\4\sistemi\laboratorio\Rotazione-led1\template.asm
                     LOOP   0x00000a    program     static Z:\Scuola\Triennio\4\sistemi\laboratorio\Rotazione-led1\template.asm
                     Loop   0x00000a    program     static Z:\Scuola\Triennio\4\sistemi\laboratorio\Rotazione-led1\template.asm
                    Loop1   0x00000e    program     static Z:\Scuola\Triennio\4\sistemi\laboratorio\Rotazione-led1\template.asm
                    Delay   0x000014    program     static Z:\Scuola\Triennio\4\sistemi\laboratorio\Rotazione-led1\template.asm
                     loop   0x000019    program     static Z:\Scuola\Triennio\4\sistemi\laboratorio\Rotazione-led1\template.asm


